2026-05-11 13:27:11,409 - INFO - Modelo de optimizacion iniciado
2026-05-11 13:27:11,629 - INFO - Datos cargados exitosamente
2026-05-11 13:27:11,745 - INFO - Datos preparados: 31 locations, 5 vehiculos
2026-05-11 13:27:11,818 - INFO - Modelo VRP creado exitosamente
2026-05-11 13:27:11,852 - ERROR - No se encontro solucion
2026-05-11 13:29:00,822 - INFO - Modelo de optimizacion iniciado
2026-05-11 13:29:00,875 - INFO - Datos cargados exitosamente
2026-05-11 13:29:00,907 - INFO - Datos preparados: 26 locations, 5 vehiculos
2026-05-11 13:29:00,934 - INFO - Modelo VRP creado exitosamente
2026-05-11 13:29:00,959 - ERROR - No se encontro solucion
2026-05-11 13:39:54,130 - INFO - Modelo de optimizacion iniciado
2026-05-11 13:39:54,209 - INFO - Datos cargados exitosamente
2026-05-11 13:39:54,225 - INFO - Datos preparados: 21 locations, 5 vehiculos
2026-05-11 13:40:54,266 - INFO - Solucion encontrada en 60.00s
2026-05-11 13:40:54,284 - INFO - Rutas extraidas: 30 paradas
2026-05-11 13:40:54,300 - INFO - Metricas calculadas: {'distancia_total_km': 530.02, 'clientes_atendidos': 20, 'carga_total_kg': np.int64(10000), 'vehiculos_utilizados': 5, 'costo_combustible_cop': 861289.0, 'costo_conductor_cop': 378589.0, 'costo_total_cop': 1239878.0, 'tiempo_resolucion_seg': 60.001203}
2026-05-11 13:41:48,524 - INFO - Modelo de optimizacion iniciado
2026-05-11 13:41:48,577 - INFO - Datos cargados exitosamente
2026-05-11 13:41:48,602 - INFO - Datos preparados: 21 locations, 5 vehiculos
2026-05-11 13:42:48,626 - INFO - Solucion encontrada en 60.00s
2026-05-11 13:42:48,651 - INFO - Rutas extraidas: 30 paradas
2026-05-11 13:42:48,674 - INFO - Metricas calculadas: {'distancia_total_km': 530.02, 'clientes_atendidos': 20, 'carga_total_kg': 10000, 'vehiculos_utilizados': 5, 'costo_combustible_cop': 861289.0, 'costo_conductor_cop': 378589.0, 'costo_total_cop': 1239878.0, 'tiempo_resolucion_seg': 60.001525}
2026-05-11 13:42:50,005 - INFO - Resultados guardados exitosamente
2026-05-11 13:42:50,017 - INFO - Optimizacion completada
