2026-05-11 12:15:21,152 - INFO - Environment de transformación configurado
2026-05-11 12:15:21,237 - INFO - clientes: 200 registros cargados
2026-05-11 12:15:21,245 - INFO - vehiculos: 85 registros cargados
2026-05-11 12:15:21,248 - INFO - trafico: 1176 registros cargados
2026-05-11 12:15:21,249 - INFO - peajes: 6 registros cargados
2026-05-11 12:15:21,251 - INFO - combustible: 15 registros cargados
2026-05-11 12:15:21,253 - INFO - divipola: 7 registros cargados
2026-05-11 12:15:21,283 - INFO - Clientes limpios: 200 registros
2026-05-11 12:15:21,325 - INFO - Vehículos limpios: 85 registros
2026-05-11 12:15:21,377 - INFO - Tráfico limpio: 1176 registros
2026-05-11 12:15:21,415 - INFO - Peajes limpios: 6 registros
2026-05-11 12:15:21,442 - INFO - Combustible limpio: 15 registros
2026-05-11 12:15:21,911 - INFO - Matriz de distancias: 52x52
2026-05-11 12:15:21,940 - INFO - Matriz de tiempos calculada
2026-05-11 12:15:22,050 - INFO - Transformación completada exitosamente
2026-05-11 12:26:14,940 - INFO - Environment de transformación configurado
2026-05-11 12:26:14,998 - INFO - clientes: 200 registros cargados
2026-05-11 12:26:15,005 - INFO - vehiculos: 85 registros cargados
2026-05-11 12:26:15,009 - INFO - trafico: 1176 registros cargados
2026-05-11 12:26:15,012 - INFO - peajes: 6 registros cargados
2026-05-11 12:26:15,013 - INFO - combustible: 15 registros cargados
2026-05-11 12:26:15,015 - INFO - divipola: 7 registros cargados
2026-05-11 12:26:15,028 - INFO - Clientes limpios: 200 registros
2026-05-11 12:26:15,078 - INFO - Vehículos limpios: 85 registros
2026-05-11 12:26:15,118 - INFO - Tráfico limpio: 1176 registros
2026-05-11 12:26:15,159 - INFO - Peajes limpios: 6 registros
2026-05-11 12:26:15,199 - INFO - Combustible limpio: 15 registros
2026-05-11 12:26:15,748 - INFO - Matriz de distancias: 52x52
2026-05-11 12:26:15,768 - INFO - Matriz de tiempos calculada
2026-05-11 12:26:15,867 - INFO - Transformación completada exitosamente
2026-05-11 13:08:51,136 - INFO - Environment de transformacion configurado
2026-05-11 13:08:51,172 - INFO - divipola: 1121 registros cargados
2026-05-11 13:08:51,193 - INFO - combustible: 10000 registros cargados
2026-05-11 13:08:51,194 - WARNING - parque_automotor: archivo no encontrado
2026-05-11 13:08:51,195 - INFO - terminales: 192 registros cargados
2026-05-11 13:08:51,198 - INFO - clientes: 200 registros cargados
2026-05-11 13:08:51,198 - INFO - vehiculos: 85 registros cargados
2026-05-11 13:08:51,201 - INFO - trafico: 1176 registros cargados
2026-05-11 13:08:51,202 - INFO - peajes: 6 registros cargados
2026-05-11 13:08:51,216 - INFO - DIVIPOLA limpio: 167 registros
2026-05-11 13:08:51,243 - INFO - Combustible limpio: 1881 registros
2026-05-11 13:08:51,270 - INFO - Clientes limpios: 200
2026-05-11 13:08:51,286 - INFO - Vehiculos limpios: 85
2026-05-11 13:08:51,303 - INFO - Trafico limpio: 1176
2026-05-11 13:08:51,607 - INFO - Matriz distancias: 52x52
2026-05-11 13:09:38,220 - INFO - Environment de transformacion configurado
2026-05-11 13:09:38,258 - INFO - divipola: 1121 registros cargados
2026-05-11 13:09:38,276 - INFO - combustible: 10000 registros cargados
2026-05-11 13:09:38,278 - WARNING - parque_automotor: archivo no encontrado
2026-05-11 13:09:38,280 - INFO - terminales: 192 registros cargados
2026-05-11 13:09:38,282 - INFO - clientes: 200 registros cargados
2026-05-11 13:09:38,283 - INFO - vehiculos: 85 registros cargados
2026-05-11 13:09:38,285 - INFO - trafico: 1176 registros cargados
2026-05-11 13:09:38,287 - INFO - peajes: 6 registros cargados
2026-05-11 13:09:38,298 - INFO - DIVIPOLA limpio: 167 registros
2026-05-11 13:09:38,324 - INFO - Combustible limpio: 1881 registros
2026-05-11 13:09:38,349 - INFO - Clientes limpios: 200
2026-05-11 13:09:38,367 - INFO - Vehiculos limpios: 85
2026-05-11 13:09:38,385 - INFO - Trafico limpio: 1176
2026-05-11 13:09:38,639 - INFO - Matriz distancias: 52x52
2026-05-11 13:09:38,658 - INFO - Matriz de tiempos creada
2026-05-11 13:09:38,764 - INFO - Transformacion completada exitosamente
